[starcatsolana.xyz/index.html]
[backblue.gif]
[fade.gif]
[index.html]
[starcatsolana.xyz/wp-content/plugins/addon-elements-for-elementor-page-builder/assets/css/eae.min7e53.css]
[starcatsolana.xyz/feed/index.html]
[starcatsolana.xyz/wp-content/plugins/addon-elements-for-elementor-page-builder/assets/lib/peel/peel7e53.css]
[starcatsolana.xyz/wp-content/plugins/elementor/assets/lib/font-awesome/css/v4-shims.min5152.css]
[starcatsolana.xyz/wp-content/plugins/elementor/assets/lib/font-awesome/css/all.min5152.css]
[starcatsolana.xyz/wp-content/plugins/addon-elements-for-elementor-page-builder/assets/lib/vegas/vegas.min8d5a.css]
[starcatsolana.xyz/wp-content/themes/hello-elementor/style.min324d.css]
[starcatsolana.xyz/wp-content/themes/hello-elementor/theme.min324d.css]
[starcatsolana.xyz/wp-content/themes/hello-elementor/header-footer.min324d.css]
[starcatsolana.xyz/wp-content/plugins/elementor/assets/css/frontend-lite.min4d52.css]
[starcatsolana.xyz/wp-content/uploads/elementor/css/post-11ca81.css]
[starcatsolana.xyz/wp-content/plugins/elementskit-lite/modules/elementskit-icon-pack/assets/css/ekiticons55a0.css]
[starcatsolana.xyz/wp-content/plugins/elementor/assets/lib/swiper/v8/css/swiper.min94a4.css]
[starcatsolana.xyz/wp-content/uploads/elementor/css/global95d1.css]
[starcatsolana.xyz/wp-content/uploads/elementor/css/post-80d36.css]
[starcatsolana.xyz/wp-content/plugins/elementskit-lite/widgets/init/assets/css/widget-styles55a0.css]
[starcatsolana.xyz/wp-content/plugins/elementskit-lite/widgets/init/assets/css/responsive55a0.css]
[starcatsolana.xyz/wp-content/plugins/essential-addons-for-elementor-lite/assets/front-end/css/view/general.minab15.css]
[starcatsolana.xyz/wp-content/plugins/addon-elements-for-elementor-page-builder/assets/js/iconHelper5152.js]
[starcatsolana.xyz/wp-includes/js/jquery/jquery.minf43b.js]
[starcatsolana.xyz/wp-includes/js/jquery/jquery-migrate.min5589.js]
[starcatsolana.xyz/wp-json/wp/v2/pages/8.json]
[starcatsolana.xyz/wp-json/index.html]
[starcatsolana.xyz/xmlrpc0db0.php]
[starcatsolana.xyz/wp-json/oembed/1.0/embed38a9.json]
[starcatsolana.xyz/wp-json/oembed/1.0/embedb5a0]
[starcatsolana.xyz/wp-content/uploads/2024/06/pngtree-goldan-3d-star-emoji-icon-png-image_10459560-150x150.png]
[starcatsolana.xyz/wp-content/uploads/2024/06/pngtree-goldan-3d-star-emoji-icon-png-image_10459560-300x300.png]
[starcatsolana.xyz/wp-content/uploads/2024/06/ezgif-2-8fdec5d996-min.gif]
[starcatsolana.xyz/wp-content/plugins/elementor/assets/lib/animations/animations.min4d52.css]
[starcatsolana.xyz/wp-content/plugins/addon-elements-for-elementor-page-builder/assets/js/eae.min7e53.js]
[starcatsolana.xyz/wp-content/plugins/addon-elements-for-elementor-page-builder/build/index.min7e53.js]
[starcatsolana.xyz/wp-content/plugins/elementor/assets/lib/font-awesome/js/v4-shims.min5152.js]
[starcatsolana.xyz/wp-content/plugins/addon-elements-for-elementor-page-builder/assets/js/animated-main.min5152.js]
[starcatsolana.xyz/wp-content/plugins/addon-elements-for-elementor-page-builder/assets/js/particles.min001e.js]
[starcatsolana.xyz/wp-content/plugins/addon-elements-for-elementor-page-builder/assets/lib/magnific.minf488.js]
[starcatsolana.xyz/wp-content/plugins/addon-elements-for-elementor-page-builder/assets/lib/vegas/vegas.min8d5a.js]
[starcatsolana.xyz/wp-content/themes/hello-elementor/assets/js/hello-frontend.min324d.js]
[starcatsolana.xyz/wp-content/plugins/elementskit-lite/widgets/init/assets/js/widget-scripts55a0.js]
[starcatsolana.xyz/wp-content/plugins/essential-addons-for-elementor-lite/assets/front-end/js/view/general.minab15.js]
[starcatsolana.xyz/wp-content/plugins/elementor/assets/js/webpack.runtime.min4d52.js]
[starcatsolana.xyz/wp-content/plugins/elementor/assets/js/frontend-modules.min4d52.js]
[starcatsolana.xyz/wp-content/plugins/elementor/assets/lib/waypoints/waypoints.min05da.js]
[starcatsolana.xyz/wp-includes/js/jquery/ui/core.min3f14.js]
[starcatsolana.xyz/wp-content/plugins/elementor/assets/js/frontend.min4d52.js]
[starcatsolana.xyz/wp-content/plugins/elementskit-lite/widgets/init/assets/js/animate-circle.min55a0.js]
[starcatsolana.xyz/wp-content/plugins/elementskit-lite/widgets/init/assets/js/elementor55a0.js]
[starcatsolana.xyz/index.html]
[starcatsolana.xyz/wp-content/plugins/addon-elements-for-elementor-page-builder/assets/digit-sep-svg.svg]
[starcatsolana.xyz/wp-content/plugins/addon-elements-for-elementor-page-builder/assets/digits-svg-alpha.svg]
[starcatsolana.xyz/wp-content/plugins/addon-elements-for-elementor-page-builder/assets/css/eae.min7e53.css]
[starcatsolana.xyz/wp-content/plugins/addon-elements-for-elementor-page-builder/assets/lib/peel/peel7e53.css]
[starcatsolana.xyz/wp-content/plugins/elementor/assets/lib/font-awesome/css/v4-shims.min5152.css]
[starcatsolana.xyz/wp-content/plugins/elementor/assets/lib/font-awesome/webfonts/fa-brands-400.eot]
[starcatsolana.xyz/wp-content/plugins/elementor/assets/lib/font-awesome/webfonts/fa-brands-400d41d.eot]
[starcatsolana.xyz/wp-content/plugins/elementor/assets/lib/font-awesome/webfonts/fa-brands-400.woff2]
[starcatsolana.xyz/wp-content/plugins/elementor/assets/lib/font-awesome/webfonts/fa-brands-400.woff]
[starcatsolana.xyz/wp-content/plugins/elementor/assets/lib/font-awesome/webfonts/fa-brands-400.ttf]
[starcatsolana.xyz/wp-content/plugins/elementor/assets/lib/font-awesome/webfonts/fa-regular-400.eot]
[starcatsolana.xyz/wp-content/plugins/elementor/assets/lib/font-awesome/webfonts/fa-brands-400.svg]
[starcatsolana.xyz/wp-content/plugins/elementor/assets/lib/font-awesome/webfonts/fa-regular-400d41d.eot]
[starcatsolana.xyz/wp-content/plugins/elementor/assets/lib/font-awesome/webfonts/fa-regular-400.woff2]
[starcatsolana.xyz/wp-content/plugins/elementor/assets/lib/font-awesome/webfonts/fa-regular-400.woff]
[starcatsolana.xyz/wp-content/plugins/elementor/assets/lib/font-awesome/webfonts/fa-regular-400.ttf]
[starcatsolana.xyz/wp-content/plugins/elementor/assets/lib/font-awesome/webfonts/fa-regular-400.svg]
[starcatsolana.xyz/wp-content/plugins/elementor/assets/lib/font-awesome/webfonts/fa-solid-900.eot]
[starcatsolana.xyz/wp-content/plugins/elementor/assets/lib/font-awesome/webfonts/fa-solid-900d41d.eot]
[starcatsolana.xyz/wp-content/plugins/elementor/assets/lib/font-awesome/webfonts/fa-solid-900.woff2]
[starcatsolana.xyz/wp-content/plugins/elementor/assets/lib/font-awesome/webfonts/fa-solid-900.woff]
[starcatsolana.xyz/wp-content/plugins/elementor/assets/lib/font-awesome/webfonts/fa-solid-900.ttf]
[starcatsolana.xyz/wp-content/plugins/elementor/assets/lib/font-awesome/css/all.min5152.css]
[starcatsolana.xyz/wp-content/plugins/addon-elements-for-elementor-page-builder/assets/lib/vegas/vegas.min8d5a.css]
[starcatsolana.xyz/wp-content/themes/hello-elementor/style.min324d.css]
[starcatsolana.xyz/wp-content/themes/hello-elementor/theme.min324d.css]
[starcatsolana.xyz/wp-content/themes/hello-elementor/header-footer.min324d.css]
[starcatsolana.xyz/wp-content/plugins/elementor/assets/css/frontend-lite.min4d52.css]
[starcatsolana.xyz/wp-content/uploads/elementor/css/post-11ca81.css]
[starcatsolana.xyz/wp-content/plugins/elementor/assets/lib/font-awesome/webfonts/fa-solid-900.svg]
[starcatsolana.xyz/wp-content/plugins/elementskit-lite/modules/elementskit-icon-pack/assets/fonts/elementskit97ac.woff]
[starcatsolana.xyz/wp-content/plugins/elementskit-lite/modules/elementskit-icon-pack/assets/css/ekiticons55a0.css]
[starcatsolana.xyz/wp-content/plugins/elementor/assets/lib/swiper/v8/css/swiper.min94a4.css]
[starcatsolana.xyz/wp-content/uploads/elementor/css/global95d1.css]
[starcatsolana.xyz/wp-content/uploads/elementor/css/post-80d36.css]
[starcatsolana.xyz/wp-content/uploads/2024/06/photo-1628498188904-036f5e25e93e-scaled.avif]
[starcatsolana.xyz/wp-content/plugins/elementskit-lite/widgets/init/assets/img/arrow.png]
[starcatsolana.xyz/wp-content/plugins/elementskit-lite/widgets/init/assets/img/sort_asc.png]
[starcatsolana.xyz/wp-content/plugins/elementskit-lite/widgets/init/assets/img/sort_desc.png]
[starcatsolana.xyz/wp-content/plugins/elementskit-lite/widgets/init/assets/img/sort_asc_disabled.png]
[starcatsolana.xyz/wp-content/plugins/elementskit-lite/widgets/init/assets/css/widget-styles55a0.css]
[starcatsolana.xyz/wp-content/plugins/elementskit-lite/widgets/init/assets/css/responsive55a0.css]
[starcatsolana.xyz/wp-content/plugins/essential-addons-for-elementor-lite/assets/front-end/css/view/general.minab15.css]
[starcatsolana.xyz/wp-content/plugins/addon-elements-for-elementor-page-builder/assets/js/iconHelper5152.js]
[starcatsolana.xyz/wp-includes/js/jquery/jquery.minf43b.js]
[starcatsolana.xyz/wp-includes/js/jquery/jquery-migrate.min5589.js]
[starcatsolana.xyz/wp-content/plugins/elementor/assets/lib/animations/animations.min4d52.css]
[starcatsolana.xyz/wp-content/plugins/addon-elements-for-elementor-page-builder/assets/js/eae.min7e53.js]
[starcatsolana.xyz/wp-content/plugins/addon-elements-for-elementor-page-builder/build/index.min7e53.js]
[starcatsolana.xyz/wp-content/plugins/elementor/assets/lib/font-awesome/js/v4-shims.min5152.js]
[starcatsolana.xyz/wp-content/plugins/addon-elements-for-elementor-page-builder/assets/js/animated-main.min5152.js]
[starcatsolana.xyz/wp-content/plugins/addon-elements-for-elementor-page-builder/assets/js/particles.min001e.js]
[starcatsolana.xyz/wp-content/plugins/addon-elements-for-elementor-page-builder/assets/lib/magnific.minf488.js]
[starcatsolana.xyz/wp-content/plugins/addon-elements-for-elementor-page-builder/assets/lib/vegas/vegas.min8d5a.js]
[starcatsolana.xyz/wp-content/themes/hello-elementor/assets/js/hello-frontend.min324d.js]
[starcatsolana.xyz/wp-content/plugins/elementskit-lite/libs/framework/assets/js/frontend-script55a0.js]
[starcatsolana.xyz/wp-content/plugins/elementskit-lite/widgets/init/assets/js/widget-scripts55a0.js]
[starcatsolana.xyz/wp-content/plugins/essential-addons-for-elementor-lite/assets/front-end/js/view/general.minab15.js]
[starcatsolana.xyz/wp-content/plugins/elementor/assets/js/webpack.runtime.min4d52.js]
[starcatsolana.xyz/wp-content/plugins/elementor/assets/js/frontend-modules.min4d52.js]
[starcatsolana.xyz/wp-content/plugins/elementor/assets/lib/waypoints/waypoints.min05da.js]
[starcatsolana.xyz/wp-includes/js/jquery/ui/core.min3f14.js]
[starcatsolana.xyz/wp-content/plugins/elementor/assets/js/frontend.min4d52.js]
[starcatsolana.xyz/wp-content/plugins/elementskit-lite/widgets/init/assets/js/animate-circle.min55a0.js]
[starcatsolana.xyz/wp-content/plugins/elementskit-lite/widgets/init/assets/js/elementor55a0.js]
[starcatsolana.xyz/wp-content/plugins/addon-elements-for-elementor-page-builder/assets/css/arrow-left.svg]
[starcatsolana.xyz/wp-content/plugins/addon-elements-for-elementor-page-builder/assets/css/arrow-right.svg]
[starcatsolana.xyz/wp-content/plugins/addon-elements-for-elementor-page-builder/assets/digit-sep-svg.svg]
[starcatsolana.xyz/wp-content/plugins/addon-elements-for-elementor-page-builder/assets/digits-svg-alpha.svg]
[starcatsolana.xyz/wp-content/plugins/elementor/assets/lib/font-awesome/webfonts/fa-brands-400.svg]
[starcatsolana.xyz/wp-content/plugins/elementor/assets/lib/font-awesome/webfonts/fa-regular-400.svg]
[starcatsolana.xyz/wp-content/plugins/elementor/assets/lib/font-awesome/webfonts/fa-solid-900.svg]
[starcatsolana.xyz/wp-content/plugins/elementskit-lite/widgets/init/assets/img/cross-out.svg]
